
prcsGrpTbl.py Started.

Main started.

('fcnt_in =', 1)
('line_in =', 'a100\n')
('fcnt_in =', 1, 'first line')
('get_keys() line_in =', 'a100\n', 'line_pv =', 'a100\n')
('get_keys() cur_key =', 'a', 'prv_key =', 'a')
('get_keys() cur_key =', 'a', 'prv_key =', 'a')
('grp_cnt =', 0)
('fcnt_in =', 2)
('line_in =', 'a020\n')
('get_keys() line_in =', 'a020\n', 'line_pv =', 'a100\n')
('get_keys() cur_key =', 'a', 'prv_key =', 'a')
('get_keys() cur_key =', 'a', 'prv_key =', 'a')
('line_in =', 'a020\n')
('line_pv =', 'a100\n')
('cur_key =', 'a', 'prv_key =', 'a')
('grp_cnt =', 1)
('fcnt_in =', 3)
('line_in =', 'a080\n')
('get_keys() line_in =', 'a080\n', 'line_pv =', 'a020\n')
('get_keys() cur_key =', 'a', 'prv_key =', 'a')
('get_keys() cur_key =', 'a', 'prv_key =', 'a')
('line_in =', 'a080\n')
('line_pv =', 'a020\n')
('cur_key =', 'a', 'prv_key =', 'a')
('grp_cnt =', 2)
('fcnt_in =', 4)
('line_in =', 'b005\n')
('get_keys() line_in =', 'b005\n', 'line_pv =', 'a080\n')
('get_keys() cur_key =', 'b', 'prv_key =', 'a')
('get_keys() cur_key =', 'b', 'prv_key =', 'a')
('line_in =', 'b005\n')
('line_pv =', 'a080\n')
('cur_key =', 'b', 'prv_key =', 'a')
Diff group.
('get_keys() line_in =', 'b005\n', 'line_pv =', 'b005\n')
('get_keys() cur_key =', 'b', 'prv_key =', 'b')
('get_keys() cur_key =', 'b', 'prv_key =', 'b')
('grp_cnt =', 0)
('fcnt_in =', 5)
('line_in =', 'b095\n')
('get_keys() line_in =', 'b095\n', 'line_pv =', 'b005\n')
('get_keys() cur_key =', 'b', 'prv_key =', 'b')
('get_keys() cur_key =', 'b', 'prv_key =', 'b')
('line_in =', 'b095\n')
('line_pv =', 'b005\n')
('cur_key =', 'b', 'prv_key =', 'b')
('grp_cnt =', 1)
('fcnt_in =', 6)
('line_in =', 'c900\n')
('get_keys() line_in =', 'c900\n', 'line_pv =', 'b095\n')
('get_keys() cur_key =', 'c', 'prv_key =', 'b')
('get_keys() cur_key =', 'c', 'prv_key =', 'b')
('line_in =', 'c900\n')
('line_pv =', 'b095\n')
('cur_key =', 'c', 'prv_key =', 'b')
Diff group.
('get_keys() line_in =', 'c900\n', 'line_pv =', 'c900\n')
('get_keys() cur_key =', 'c', 'prv_key =', 'c')
('get_keys() cur_key =', 'c', 'prv_key =', 'c')
('grp_cnt =', 0)
('fcnt_in =', 7)
('line_in =', 'd800\n')
('get_keys() line_in =', 'd800\n', 'line_pv =', 'c900\n')
('get_keys() cur_key =', 'd', 'prv_key =', 'c')
('get_keys() cur_key =', 'd', 'prv_key =', 'c')
('line_in =', 'd800\n')
('line_pv =', 'c900\n')
('cur_key =', 'd', 'prv_key =', 'c')
Diff group.
('get_keys() line_in =', 'd800\n', 'line_pv =', 'd800\n')
('get_keys() cur_key =', 'd', 'prv_key =', 'd')
('get_keys() cur_key =', 'd', 'prv_key =', 'd')
('grp_cnt =', 0)
('fcnt_in =', 8)
('line_in =', 'e400\n')
('get_keys() line_in =', 'e400\n', 'line_pv =', 'd800\n')
('get_keys() cur_key =', 'e', 'prv_key =', 'd')
('get_keys() cur_key =', 'e', 'prv_key =', 'd')
('line_in =', 'e400\n')
('line_pv =', 'd800\n')
('cur_key =', 'e', 'prv_key =', 'd')
Diff group.
('get_keys() line_in =', 'e400\n', 'line_pv =', 'e400\n')
('get_keys() cur_key =', 'e', 'prv_key =', 'e')
('get_keys() cur_key =', 'e', 'prv_key =', 'e')
('grp_cnt =', 0)
('fcnt_in =', 9)
('line_in =', 'e300\n')
('get_keys() line_in =', 'e300\n', 'line_pv =', 'e400\n')
('get_keys() cur_key =', 'e', 'prv_key =', 'e')
('get_keys() cur_key =', 'e', 'prv_key =', 'e')
('line_in =', 'e300\n')
('line_pv =', 'e400\n')
('cur_key =', 'e', 'prv_key =', 'e')
('grp_cnt =', 1)
('fcnt_in =', 10)
('line_in =', 'e200\n')
('get_keys() line_in =', 'e200\n', 'line_pv =', 'e300\n')
('get_keys() cur_key =', 'e', 'prv_key =', 'e')
('get_keys() cur_key =', 'e', 'prv_key =', 'e')
('line_in =', 'e200\n')
('line_pv =', 'e300\n')
('cur_key =', 'e', 'prv_key =', 'e')
('grp_cnt =', 2)
('fcnt_in =', 11)
('line_in =', 'e200\n')
('get_keys() line_in =', 'e200\n', 'line_pv =', 'e200\n')
('get_keys() cur_key =', 'e', 'prv_key =', 'e')
('get_keys() cur_key =', 'e', 'prv_key =', 'e')
('line_in =', 'e200\n')
('line_pv =', 'e200\n')
('cur_key =', 'e', 'prv_key =', 'e')
('grp_cnt =', 3)
Main ended.


prcsGrpTbl.py Ended.

